================================
PHASE_QUANT: full simulation pipeline
Job ID     : 1212916
Submit dir : /cta/users/mehmet.altunoren/phase-quant-sims
Repo dir   : /cta/users/mehmet.altunoren/phase-quant-sims
Venv path  : /cta/users/mehmet.altunoren/venv/bin/activate
Start time : Sat May  2 20:01:26 +03 2026
================================
Cleaning broken pip state from: /cta/users/mehmet.altunoren/venv/lib/python3.11/site-packages
Looking in links: /tmp/tmpzj73x42l
Requirement already satisfied: setuptools in /cta/users/mehmet.altunoren/venv/lib/python3.11/site-packages (82.0.1)
Processing /tmp/tmpzj73x42l/pip-24.0-py3-none-any.whl
Installing collected packages: pip
Successfully installed pip-24.3.1
Collecting pip==24.3.1
  Using cached pip-24.3.1-py3-none-any.whl.metadata (3.7 kB)
Collecting setuptools
  Using cached setuptools-82.0.1-py3-none-any.whl.metadata (6.5 kB)
Collecting wheel
  Using cached wheel-0.47.0-py3-none-any.whl.metadata (2.3 kB)
Collecting packaging>=24.0 (from wheel)
  Using cached packaging-26.2-py3-none-any.whl.metadata (3.5 kB)
Using cached pip-24.3.1-py3-none-any.whl (1.8 MB)
Using cached setuptools-82.0.1-py3-none-any.whl (1.0 MB)
Using cached wheel-0.47.0-py3-none-any.whl (32 kB)
Using cached packaging-26.2-py3-none-any.whl (100 kB)
Installing collected packages: setuptools, pip, packaging, wheel
  Attempting uninstall: setuptools
    Found existing installation: setuptools 82.0.1
    Uninstalling setuptools-82.0.1:
      Successfully uninstalled setuptools-82.0.1
