================================
PHASE_QUANT: full simulation pipeline
Job ID     : 1212917
Submit dir : /cta/users/mehmet.altunoren/phase-quant-sims
Repo dir   : /cta/users/mehmet.altunoren/phase-quant-sims
Venv path  : /cta/users/mehmet.altunoren/venv/bin/activate
Start time : Sat May  2 20:01:40 +03 2026
================================
Cleaning broken pip state from: /cta/users/mehmet.altunoren/venv/lib/python3.11/site-packages
Looking in links: /tmp/tmptuzc8wnn
Requirement already satisfied: setuptools in /cta/users/mehmet.altunoren/venv/lib/python3.11/site-packages (82.0.1)
Processing /tmp/tmptuzc8wnn/pip-24.0-py3-none-any.whl
Installing collected packages: pip
Successfully installed pip-24.0
Collecting pip==24.3.1
  Using cached pip-24.3.1-py3-none-any.whl.metadata (3.7 kB)
Collecting setuptools
  Using cached setuptools-82.0.1-py3-none-any.whl.metadata (6.5 kB)
Collecting wheel
  Using cached wheel-0.47.0-py3-none-any.whl.metadata (2.3 kB)
Collecting packaging>=24.0 (from wheel)
  Using cached packaging-26.2-py3-none-any.whl.metadata (3.5 kB)
Using cached pip-24.3.1-py3-none-any.whl (1.8 MB)
Using cached setuptools-82.0.1-py3-none-any.whl (1.0 MB)
Using cached wheel-0.47.0-py3-none-any.whl (32 kB)
Using cached packaging-26.2-py3-none-any.whl (100 kB)
Installing collected packages: setuptools, pip, packaging, wheel
  Attempting uninstall: setuptools
    Found existing installation: setuptools 82.0.1
    Uninstalling setuptools-82.0.1:
      Successfully uninstalled setuptools-82.0.1
  Attempting uninstall: pip
    Found existing installation: pip 24.0
    Uninstalling pip-24.0:
      Successfully uninstalled pip-24.0
  Attempting uninstall: packaging
    Found existing installation: packaging 26.2
    Uninstalling packaging-26.2:
      Successfully uninstalled packaging-26.2
  Attempting uninstall: wheel
    Found existing installation: wheel 0.47.0
    Uninstalling wheel-0.47.0:
      Successfully uninstalled wheel-0.47.0
Successfully installed packaging-26.2 pip-24.3.1 setuptools-82.0.1 wheel-0.47.0
Requirement already satisfied: numpy>=1.26 in /cta/users/mehmet.altunoren/venv/lib/python3.11/site-packages (2.4.1)
Requirement already satisfied: scipy>=1.11 in /cta/users/mehmet.altunoren/venv/lib/python3.11/site-packages (1.17.1)
Requirement already satisfied: pandas>=2.0 in /cta/users/mehmet.altunoren/venv/lib/python3.11/site-packages (2.3.3)
Requirement already satisfied: pyarrow>=12.0 in /cta/users/mehmet.altunoren/venv/lib/python3.11/site-packages (23.0.0)
Requirement already satisfied: matplotlib>=3.8 in /cta/users/mehmet.altunoren/venv/lib/python3.11/site-packages (3.10.8)
Requirement already satisfied: pyyaml>=6.0 in /cta/users/mehmet.altunoren/venv/lib/python3.11/site-packages (6.0.3)
Requirement already satisfied: torch>=2.2 in /cta/users/mehmet.altunoren/venv/lib/python3.11/site-packages (2.9.1)
Requirement already satisfied: tqdm>=4.66 in /cta/users/mehmet.altunoren/venv/lib/python3.11/site-packages (4.67.1)
Requirement already satisfied: python-dateutil>=2.8.2 in /cta/users/mehmet.altunoren/venv/lib/python3.11/site-packages (from pandas>=2.0) (2.9.0.post0)
Requirement already satisfied: pytz>=2020.1 in /cta/users/mehmet.altunoren/venv/lib/python3.11/site-packages (from pandas>=2.0) (2025.2)
Requirement already satisfied: tzdata>=2022.7 in /cta/users/mehmet.altunoren/venv/lib/python3.11/site-packages (from pandas>=2.0) (2025.3)
Requirement already satisfied: contourpy>=1.0.1 in /cta/users/mehmet.altunoren/venv/lib/python3.11/site-packages (from matplotlib>=3.8) (1.3.3)
Requirement already satisfied: cycler>=0.10 in /cta/users/mehmet.altunoren/venv/lib/python3.11/site-packages (from matplotlib>=3.8) (0.12.1)
Requirement already satisfied: fonttools>=4.22.0 in /cta/users/mehmet.altunoren/venv/lib/python3.11/site-packages (from matplotlib>=3.8) (4.62.1)
Requirement already satisfied: kiwisolver>=1.3.1 in /cta/users/mehmet.altunoren/venv/lib/python3.11/site-packages (from matplotlib>=3.8) (1.5.0)
Requirement already satisfied: packaging>=20.0 in /cta/users/mehmet.altunoren/venv/lib/python3.11/site-packages (from matplotlib>=3.8) (26.2)
Requirement already satisfied: pillow>=8 in /cta/users/mehmet.altunoren/venv/lib/python3.11/site-packages (from matplotlib>=3.8) (12.1.1)
Requirement already satisfied: pyparsing>=3 in /cta/users/mehmet.altunoren/venv/lib/python3.11/site-packages (from matplotlib>=3.8) (3.3.2)
Requirement already satisfied: filelock in /cta/users/mehmet.altunoren/venv/lib/python3.11/site-packages (from torch>=2.2) (3.20.1)
Requirement already satisfied: typing-extensions>=4.10.0 in /cta/users/mehmet.altunoren/venv/lib/python3.11/site-packages (from torch>=2.2) (4.15.0)
Requirement already satisfied: sympy>=1.13.3 in /cta/users/mehmet.altunoren/venv/lib/python3.11/site-packages (from torch>=2.2) (1.14.0)
Requirement already satisfied: networkx>=2.5.1 in /cta/users/mehmet.altunoren/venv/lib/python3.11/site-packages (from torch>=2.2) (3.6.1)
Requirement already satisfied: jinja2 in /cta/users/mehmet.altunoren/venv/lib/python3.11/site-packages (from torch>=2.2) (3.1.6)
Requirement already satisfied: fsspec>=0.8.5 in /cta/users/mehmet.altunoren/venv/lib/python3.11/site-packages (from torch>=2.2) (2025.10.0)
Requirement already satisfied: nvidia-cuda-nvrtc-cu12==12.8.93 in /cta/users/mehmet.altunoren/venv/lib/python3.11/site-packages (from torch>=2.2) (12.8.93)
Requirement already satisfied: nvidia-cuda-runtime-cu12==12.8.90 in /cta/users/mehmet.altunoren/venv/lib/python3.11/site-packages (from torch>=2.2) (12.8.90)
Requirement already satisfied: nvidia-cuda-cupti-cu12==12.8.90 in /cta/users/mehmet.altunoren/venv/lib/python3.11/site-packages (from torch>=2.2) (12.8.90)
Requirement already satisfied: nvidia-cudnn-cu12==9.10.2.21 in /cta/users/mehmet.altunoren/venv/lib/python3.11/site-packages (from torch>=2.2) (9.10.2.21)
Requirement already satisfied: nvidia-cublas-cu12==12.8.4.1 in /cta/users/mehmet.altunoren/venv/lib/python3.11/site-packages (from torch>=2.2) (12.8.4.1)
Requirement already satisfied: nvidia-cufft-cu12==11.3.3.83 in /cta/users/mehmet.altunoren/venv/lib/python3.11/site-packages (from torch>=2.2) (11.3.3.83)
Requirement already satisfied: nvidia-curand-cu12==10.3.9.90 in /cta/users/mehmet.altunoren/venv/lib/python3.11/site-packages (from torch>=2.2) (10.3.9.90)
Requirement already satisfied: nvidia-cusolver-cu12==11.7.3.90 in /cta/users/mehmet.altunoren/venv/lib/python3.11/site-packages (from torch>=2.2) (11.7.3.90)
Requirement already satisfied: nvidia-cusparse-cu12==12.5.8.93 in /cta/users/mehmet.altunoren/venv/lib/python3.11/site-packages (from torch>=2.2) (12.5.8.93)
Requirement already satisfied: nvidia-cusparselt-cu12==0.7.1 in /cta/users/mehmet.altunoren/venv/lib/python3.11/site-packages (from torch>=2.2) (0.7.1)
Requirement already satisfied: nvidia-nccl-cu12==2.27.5 in /cta/users/mehmet.altunoren/venv/lib/python3.11/site-packages (from torch>=2.2) (2.27.5)
Requirement already satisfied: nvidia-nvshmem-cu12==3.3.20 in /cta/users/mehmet.altunoren/venv/lib/python3.11/site-packages (from torch>=2.2) (3.3.20)
Requirement already satisfied: nvidia-nvtx-cu12==12.8.90 in /cta/users/mehmet.altunoren/venv/lib/python3.11/site-packages (from torch>=2.2) (12.8.90)
Requirement already satisfied: nvidia-nvjitlink-cu12==12.8.93 in /cta/users/mehmet.altunoren/venv/lib/python3.11/site-packages (from torch>=2.2) (12.8.93)
Requirement already satisfied: nvidia-cufile-cu12==1.13.1.3 in /cta/users/mehmet.altunoren/venv/lib/python3.11/site-packages (from torch>=2.2) (1.13.1.3)
Requirement already satisfied: triton==3.5.1 in /cta/users/mehmet.altunoren/venv/lib/python3.11/site-packages (from torch>=2.2) (3.5.1)
Requirement already satisfied: six>=1.5 in /cta/users/mehmet.altunoren/venv/lib/python3.11/site-packages (from python-dateutil>=2.8.2->pandas>=2.0) (1.17.0)
Requirement already satisfied: mpmath<1.4,>=1.1.0 in /cta/users/mehmet.altunoren/venv/lib/python3.11/site-packages (from sympy>=1.13.3->torch>=2.2) (1.3.0)
Requirement already satisfied: MarkupSafe>=2.0 in /cta/users/mehmet.altunoren/venv/lib/python3.11/site-packages (from jinja2->torch>=2.2) (3.0.3)
================================
Hostname : cn05
Python   : /cta/users/mehmet.altunoren/venv/bin/python (Python 3.11.9)
Repo     : /cta/users/mehmet.altunoren/phase-quant-sims
================================
Sat May  2 20:02:19 2026       
+-----------------------------------------------------------------------------+
| NVIDIA-SMI 470.256.02   Driver Version: 470.256.02   CUDA Version: 11.4     |
|-------------------------------+----------------------+----------------------+
| GPU  Name        Persistence-M| Bus-Id        Disp.A | Volatile Uncorr. ECC |
| Fan  Temp  Perf  Pwr:Usage/Cap|         Memory-Usage | GPU-Util  Compute M. |
|                               |                      |               MIG M. |
|===============================+======================+======================|
|   0  Tesla K80           Off  | 00000000:DB:00.0 Off |                    0 |
| N/A   31C    P0    72W / 149W |      0MiB / 11441MiB |     87%      Default |
|                               |                      |                  N/A |
+-------------------------------+----------------------+----------------------+
                                                                               
+-----------------------------------------------------------------------------+
| Processes:                                                                  |
|  GPU   GI   CI        PID   Type   Process name                  GPU Memory |
|        ID   ID                                                   Usage      |
|=============================================================================|
|  No running processes found                                                 |
+-----------------------------------------------------------------------------+

==== Phase 1/3: Synthetic experiments (exp01-exp11) ====

---- exp01_budget_sweep (7 rows x 5 seeds) [Sat May  2 20:02:20 +03 2026] ----
[exp01] wrote 8 rows -> out/exp01/row00_seed00.parquet
[exp01] wrote 8 rows -> out/exp01/row00_seed01.parquet
[exp01] wrote 8 rows -> out/exp01/row00_seed02.parquet
[exp01] wrote 8 rows -> out/exp01/row00_seed03.parquet
[exp01] wrote 8 rows -> out/exp01/row00_seed04.parquet
[exp01] wrote 16 rows -> out/exp01/row01_seed00.parquet
[exp01] wrote 16 rows -> out/exp01/row01_seed01.parquet
[exp01] wrote 16 rows -> out/exp01/row01_seed02.parquet
[exp01] wrote 16 rows -> out/exp01/row01_seed03.parquet
[exp01] wrote 16 rows -> out/exp01/row01_seed04.parquet
